[regaltheme.com/tf/multi/minipo/minipo/index-2.html]
[backblue.gif]
[fade.gif]
[index.html]
[regaltheme.com/tf/multi/minipo/minipo/assets/img/favicon.ico]
[regaltheme.com/tf/multi/minipo/minipo/style.css]
[regaltheme.com/tf/multi/minipo/minipo/assets/js/vendor/modernizr-2.8.3.min.js]
[regaltheme.com/tf/multi/minipo/minipo/index.html]
[regaltheme.com/tf/multi/minipo/minipo/assets/img/logo.png]
[regaltheme.com/tf/multi/minipo/minipo/index-3.html]
[regaltheme.com/tf/multi/minipo/minipo/index-4.html]
[regaltheme.com/tf/multi/minipo/minipo/index-5.html]
[regaltheme.com/tf/multi/minipo/minipo/index-6.html]
[regaltheme.com/tf/multi/minipo/minipo/index-7.html]
[regaltheme.com/tf/multi/minipo/minipo/index-8.html]
[regaltheme.com/tf/multi/minipo/minipo/index-9.html]
[regaltheme.com/tf/multi/minipo/minipo/index-10.html]
[regaltheme.com/tf/multi/minipo/minipo/about-us.html]
[regaltheme.com/tf/multi/minipo/minipo/portfolio-2-style-1.html]
[regaltheme.com/tf/multi/minipo/minipo/portfolio-2-style-2.html]
[regaltheme.com/tf/multi/minipo/minipo/portfolio-2-style-3.html]
[regaltheme.com/tf/multi/minipo/minipo/portfolio-2-style-4.html]
[regaltheme.com/tf/multi/minipo/minipo/portfolio-2-style-5.html]
[regaltheme.com/tf/multi/minipo/minipo/portfolio-2-style-6.html]
[regaltheme.com/tf/multi/minipo/minipo/portfolio-2-style-7.html]
[regaltheme.com/tf/multi/minipo/minipo/portfolio-3-style-1.html]
[regaltheme.com/tf/multi/minipo/minipo/portfolio-3-style-2.html]
[regaltheme.com/tf/multi/minipo/minipo/portfolio-3-style-3.html]
[regaltheme.com/tf/multi/minipo/minipo/portfolio-3-style-4.html]
[regaltheme.com/tf/multi/minipo/minipo/portfolio-3-style-5.html]
[regaltheme.com/tf/multi/minipo/minipo/portfolio-3-style-6.html]
[regaltheme.com/tf/multi/minipo/minipo/portfolio-4-style-1.html]
[regaltheme.com/tf/multi/minipo/minipo/portfolio-4-style-2.html]
[regaltheme.com/tf/multi/minipo/minipo/portfolio-4-style-3.html]
[regaltheme.com/tf/multi/minipo/minipo/portfolio-4-style-4.html]
[regaltheme.com/tf/multi/minipo/minipo/portfolio-4-style-5.html]
[regaltheme.com/tf/multi/minipo/minipo/portfolio-details.html]
[regaltheme.com/tf/multi/minipo/minipo/portfolio-details-2.html]
[regaltheme.com/tf/multi/minipo/minipo/portfolio-details-3.html]
[regaltheme.com/tf/multi/minipo/minipo/portfolio-details-4.html]
[regaltheme.com/tf/multi/minipo/minipo/portfolio-details-5.html]
[regaltheme.com/tf/multi/minipo/minipo/portfolio-details-6.html]
[regaltheme.com/tf/multi/minipo/minipo/portfolio-details-7.html]
[regaltheme.com/tf/multi/minipo/minipo/blog-one.html]
[regaltheme.com/tf/multi/minipo/minipo/blog-two.html]
[regaltheme.com/tf/multi/minipo/minipo/blog-three.html]
[regaltheme.com/tf/multi/minipo/minipo/blog-four.html]
[regaltheme.com/tf/multi/minipo/minipo/blog-five.html]
[regaltheme.com/tf/multi/minipo/minipo/blog-six.html]
[regaltheme.com/tf/multi/minipo/minipo/blog-seven.html]
[regaltheme.com/tf/multi/minipo/minipo/blog-details.html]
[regaltheme.com/tf/multi/minipo/minipo/blog-details-2.html]
[regaltheme.com/tf/multi/minipo/minipo/blog-details-3.html]
[regaltheme.com/tf/multi/minipo/minipo/blog-details-4.html]
[regaltheme.com/tf/multi/minipo/minipo/blog-details-5.html]
[regaltheme.com/tf/multi/minipo/minipo/services.html]
[regaltheme.com/tf/multi/minipo/minipo/services-2.html]
[regaltheme.com/tf/multi/minipo/minipo/team.html]
[regaltheme.com/tf/multi/minipo/minipo/coming-soon.html]
[regaltheme.com/tf/multi/minipo/minipo/error-404.html]
[regaltheme.com/tf/multi/minipo/minipo/contact-us.html]
[regaltheme.com/tf/multi/minipo/minipo/assets/img/portfolio/two/1.jpg]
[regaltheme.com/tf/multi/minipo/minipo/assets/img/portfolio/two/2.jpg]
[regaltheme.com/tf/multi/minipo/minipo/assets/img/portfolio/two/3.jpg]
[regaltheme.com/tf/multi/minipo/minipo/assets/img/portfolio/two/4.jpg]
[regaltheme.com/tf/multi/minipo/minipo/assets/img/portfolio/two/5.jpg]
[regaltheme.com/tf/multi/minipo/minipo/assets/img/portfolio/two/6.jpg]
[regaltheme.com/tf/multi/minipo/minipo/assets/img/blog/4.jpg]
[regaltheme.com/tf/multi/minipo/minipo/assets/img/blog/5.jpg]
[regaltheme.com/tf/multi/minipo/minipo/assets/img/blog/6.jpg]
[regaltheme.com/tf/multi/minipo/minipo/assets/js/vendor/jquery-1.12.4.min.js]
[regaltheme.com/tf/multi/minipo/minipo/assets/js/bootstrap.min.js]
[regaltheme.com/tf/multi/minipo/minipo/assets/js/isotope.pkgd.js]
[regaltheme.com/tf/multi/minipo/minipo/assets/js/main.js]
[regaltheme.com/tf/multi/minipo/minipo/index-2.html]
[regaltheme.com/tf/multi/minipo/minipo/assets/img/portfolio/one/1.jpg]
[regaltheme.com/tf/multi/minipo/minipo/assets/img/portfolio/one/2.jpg]
[regaltheme.com/tf/multi/minipo/minipo/assets/img/portfolio/one/3.jpg]
[regaltheme.com/tf/multi/minipo/minipo/assets/img/portfolio/one/5.jpg]
[regaltheme.com/tf/multi/minipo/minipo/assets/img/portfolio/one/4.jpg]
[regaltheme.com/tf/multi/minipo/minipo/assets/img/portfolio/one/6.jpg]
[regaltheme.com/tf/multi/minipo/minipo/assets/img/portfolio/one/7.jpg]
[regaltheme.com/tf/multi/minipo/minipo/assets/img/portfolio/one/9.jpg]
[regaltheme.com/tf/multi/minipo/minipo/assets/img/portfolio/one/8.jpg]
[regaltheme.com/tf/multi/minipo/minipo/assets/img/blog/1.jpg]
[regaltheme.com/tf/multi/minipo/minipo/assets/img/blog/2.jpg]
[regaltheme.com/tf/multi/minipo/minipo/assets/img/blog/3.jpg]
[regaltheme.com/tf/multi/minipo/minipo/index.html]
[regaltheme.com/tf/multi/minipo/minipo/assets/img/portfolio/three/1.jpg]
[regaltheme.com/tf/multi/minipo/minipo/assets/img/portfolio/three/2.jpg]
[regaltheme.com/tf/multi/minipo/minipo/assets/img/portfolio/three/3.jpg]
[regaltheme.com/tf/multi/minipo/minipo/assets/img/portfolio/three/4.jpg]
[regaltheme.com/tf/multi/minipo/minipo/assets/img/portfolio/three/5.jpg]
[regaltheme.com/tf/multi/minipo/minipo/assets/img/portfolio/three/6.jpg]
[regaltheme.com/tf/multi/minipo/minipo/assets/img/portfolio/three/7.jpg]
[regaltheme.com/tf/multi/minipo/minipo/assets/img/portfolio/three/8.jpg]
[regaltheme.com/tf/multi/minipo/minipo/assets/img/portfolio/three/9.jpg]
[regaltheme.com/tf/multi/minipo/minipo/index-3.html]
[regaltheme.com/tf/multi/minipo/minipo/index-4.html]
[regaltheme.com/tf/multi/minipo/minipo/assets/img/portfolio/five/1.jpg]
[regaltheme.com/tf/multi/minipo/minipo/assets/img/portfolio/five/2.jpg]
[regaltheme.com/tf/multi/minipo/minipo/assets/img/portfolio/five/3.jpg]
[regaltheme.com/tf/multi/minipo/minipo/assets/img/portfolio/five/4.jpg]
[regaltheme.com/tf/multi/minipo/minipo/assets/img/portfolio/five/5.jpg]
[regaltheme.com/tf/multi/minipo/minipo/assets/img/portfolio/five/6.jpg]
[regaltheme.com/tf/multi/minipo/minipo/assets/img/portfolio/five/7.jpg]
[regaltheme.com/tf/multi/minipo/minipo/assets/img/portfolio/five/8.jpg]
[regaltheme.com/tf/multi/minipo/minipo/assets/img/portfolio/five/9.jpg]
[regaltheme.com/tf/multi/minipo/minipo/index-5.html]
[regaltheme.com/tf/multi/minipo/minipo/index-6.html]
[regaltheme.com/tf/multi/minipo/minipo/assets/img/portfolio/seven/1.jpg]
[regaltheme.com/tf/multi/minipo/minipo/assets/img/portfolio/seven/2.jpg]
[regaltheme.com/tf/multi/minipo/minipo/assets/img/portfolio/seven/3.jpg]
[regaltheme.com/tf/multi/minipo/minipo/assets/img/portfolio/seven/4.jpg]
[regaltheme.com/tf/multi/minipo/minipo/assets/img/portfolio/seven/5.jpg]
[regaltheme.com/tf/multi/minipo/minipo/index-7.html]
[regaltheme.com/tf/multi/minipo/minipo/assets/img/portfolio/seven/6.jpg]
[regaltheme.com/tf/multi/minipo/minipo/assets/img/slider/me-1.png]
[regaltheme.com/tf/multi/minipo/minipo/assets/img/portfolio/eight/1.jpg]
[regaltheme.com/tf/multi/minipo/minipo/assets/img/portfolio/eight/2.jpg]
[regaltheme.com/tf/multi/minipo/minipo/assets/img/portfolio/eight/3.jpg]
[regaltheme.com/tf/multi/minipo/minipo/assets/img/portfolio/eight/5.jpg]
[regaltheme.com/tf/multi/minipo/minipo/assets/img/portfolio/eight/4.jpg]
[regaltheme.com/tf/multi/minipo/minipo/assets/img/portfolio/eight/6.jpg]
[regaltheme.com/tf/multi/minipo/minipo/assets/img/portfolio/eight/7.jpg]
[regaltheme.com/tf/multi/minipo/minipo/assets/img/portfolio/eight/8.jpg]
[regaltheme.com/tf/multi/minipo/minipo/assets/img/portfolio/eight/9.jpg]
[regaltheme.com/tf/multi/minipo/minipo/index-8.html]
[regaltheme.com/tf/multi/minipo/minipo/assets/img/instagram/1.png]
[regaltheme.com/tf/multi/minipo/minipo/assets/img/instagram/2.png]
[regaltheme.com/tf/multi/minipo/minipo/assets/img/instagram/3.png]
[regaltheme.com/tf/multi/minipo/minipo/assets/img/instagram/4.png]
[regaltheme.com/tf/multi/minipo/minipo/assets/img/instagram/5.png]
[regaltheme.com/tf/multi/minipo/minipo/assets/img/instagram/6.png]
[regaltheme.com/tf/multi/minipo/minipo/assets/img/instagram/7.png]
[regaltheme.com/tf/multi/minipo/minipo/assets/img/instagram/8.png]
[regaltheme.com/tf/multi/minipo/minipo/index-9.html]
[regaltheme.com/tf/multi/minipo/minipo/index-10.html]
[regaltheme.com/tf/multi/minipo/minipo/assets/img/team/1.jpg]
[regaltheme.com/tf/multi/minipo/minipo/assets/img/team/2.jpg]
[regaltheme.com/tf/multi/minipo/minipo/assets/img/team/3.jpg]
[regaltheme.com/tf/multi/minipo/minipo/assets/img/team/4.jpg]
[regaltheme.com/tf/multi/minipo/minipo/assets/img/team/c1.png]
[regaltheme.com/tf/multi/minipo/minipo/assets/img/team/c2.png]
[regaltheme.com/tf/multi/minipo/minipo/assets/img/team/c3.png]
[regaltheme.com/tf/multi/minipo/minipo/about-us.html]
[regaltheme.com/tf/multi/minipo/minipo/assets/img/portfolio/2/style1/1.jpg]
[regaltheme.com/tf/multi/minipo/minipo/assets/img/portfolio/2/style1/2.jpg]
[regaltheme.com/tf/multi/minipo/minipo/assets/img/portfolio/2/style1/3.jpg]
[regaltheme.com/tf/multi/minipo/minipo/assets/img/portfolio/2/style1/4.jpg]
[regaltheme.com/tf/multi/minipo/minipo/assets/img/portfolio/2/style1/5.jpg]
[regaltheme.com/tf/multi/minipo/minipo/portfolio-2-style-1.html]
[regaltheme.com/tf/multi/minipo/minipo/portfolio-2-style-2.html]
[regaltheme.com/tf/multi/minipo/minipo/assets/img/portfolio/2/style1/6.jpg]
[regaltheme.com/tf/multi/minipo/minipo/assets/img/portfolio/2/style3/1.jpg]
[regaltheme.com/tf/multi/minipo/minipo/assets/img/portfolio/2/style3/2.jpg]
[regaltheme.com/tf/multi/minipo/minipo/assets/img/portfolio/2/style3/3.jpg]
[regaltheme.com/tf/multi/minipo/minipo/assets/img/portfolio/2/style3/5.jpg]
[regaltheme.com/tf/multi/minipo/minipo/assets/img/portfolio/2/style3/4.jpg]
[regaltheme.com/tf/multi/minipo/minipo/portfolio-2-style-3.html]
[regaltheme.com/tf/multi/minipo/minipo/assets/img/portfolio/2/style3/6.jpg]
[regaltheme.com/tf/multi/minipo/minipo/assets/img/portfolio/2/style4/1.jpg]
[regaltheme.com/tf/multi/minipo/minipo/assets/img/portfolio/2/style4/2.jpg]
[regaltheme.com/tf/multi/minipo/minipo/assets/img/portfolio/2/style4/3.jpg]
[regaltheme.com/tf/multi/minipo/minipo/assets/img/portfolio/2/style4/5.jpg]
[regaltheme.com/tf/multi/minipo/minipo/assets/img/portfolio/2/style4/4.jpg]
[regaltheme.com/tf/multi/minipo/minipo/portfolio-2-style-4.html]
[regaltheme.com/tf/multi/minipo/minipo/assets/img/portfolio/2/style4/6.jpg]
[regaltheme.com/tf/multi/minipo/minipo/assets/img/portfolio/2/style5/1.jpg]
[regaltheme.com/tf/multi/minipo/minipo/assets/img/portfolio/2/style5/2.jpg]
[regaltheme.com/tf/multi/minipo/minipo/assets/img/portfolio/2/style5/3.jpg]
[regaltheme.com/tf/multi/minipo/minipo/assets/img/portfolio/2/style5/5.jpg]
[regaltheme.com/tf/multi/minipo/minipo/assets/img/portfolio/2/style5/4.jpg]
[regaltheme.com/tf/multi/minipo/minipo/portfolio-2-style-5.html]
[regaltheme.com/tf/multi/minipo/minipo/assets/img/portfolio/2/style5/6.jpg]
[regaltheme.com/tf/multi/minipo/minipo/assets/img/portfolio/2/style6/1.jpg]
[regaltheme.com/tf/multi/minipo/minipo/assets/img/portfolio/2/style6/2.jpg]
[regaltheme.com/tf/multi/minipo/minipo/portfolio-2-style-6.html]
[regaltheme.com/tf/multi/minipo/minipo/assets/img/portfolio/2/style6/4.jpg]
[regaltheme.com/tf/multi/minipo/minipo/assets/img/portfolio/2/style7/1.jpg]
[regaltheme.com/tf/multi/minipo/minipo/assets/img/portfolio/2/style7/2.jpg]
[regaltheme.com/tf/multi/minipo/minipo/assets/img/portfolio/2/style7/3.jpg]
[regaltheme.com/tf/multi/minipo/minipo/portfolio-2-style-7.html]
[regaltheme.com/tf/multi/minipo/minipo/assets/img/portfolio/2/style7/4.jpg]
[regaltheme.com/tf/multi/minipo/minipo/assets/img/portfolio/3/style1/1.jpg]
[regaltheme.com/tf/multi/minipo/minipo/assets/img/portfolio/3/style1/2.jpg]
[regaltheme.com/tf/multi/minipo/minipo/assets/img/portfolio/3/style1/3.jpg]
[regaltheme.com/tf/multi/minipo/minipo/assets/img/portfolio/3/style1/4.jpg]
[regaltheme.com/tf/multi/minipo/minipo/assets/img/portfolio/3/style1/5.jpg]
[regaltheme.com/tf/multi/minipo/minipo/assets/img/portfolio/3/style1/6.jpg]
[regaltheme.com/tf/multi/minipo/minipo/assets/img/portfolio/3/style1/7.jpg]
[regaltheme.com/tf/multi/minipo/minipo/assets/img/portfolio/3/style1/8.jpg]
[regaltheme.com/tf/multi/minipo/minipo/assets/img/portfolio/3/style1/9.jpg]
[regaltheme.com/tf/multi/minipo/minipo/portfolio-3-style-1.html]
[regaltheme.com/tf/multi/minipo/minipo/portfolio-3-style-2.html]
[regaltheme.com/tf/multi/minipo/minipo/assets/img/portfolio/3/style3/1.jpg]
[regaltheme.com/tf/multi/minipo/minipo/assets/img/portfolio/3/style3/2.jpg]
[regaltheme.com/tf/multi/minipo/minipo/assets/img/portfolio/3/style3/3.jpg]
[regaltheme.com/tf/multi/minipo/minipo/assets/img/portfolio/3/style3/4.jpg]
[regaltheme.com/tf/multi/minipo/minipo/assets/img/portfolio/3/style3/5.jpg]
[regaltheme.com/tf/multi/minipo/minipo/assets/img/portfolio/3/style3/6.jpg]
[regaltheme.com/tf/multi/minipo/minipo/assets/img/portfolio/3/style3/7.jpg]
[regaltheme.com/tf/multi/minipo/minipo/assets/img/portfolio/3/style3/8.jpg]
[regaltheme.com/tf/multi/minipo/minipo/assets/img/portfolio/3/style3/9.jpg]
[regaltheme.com/tf/multi/minipo/minipo/portfolio-3-style-3.html]
[regaltheme.com/tf/multi/minipo/minipo/assets/img/portfolio/3/style4/1.jpg]
[regaltheme.com/tf/multi/minipo/minipo/assets/img/portfolio/3/style4/2.jpg]
[regaltheme.com/tf/multi/minipo/minipo/assets/img/portfolio/3/style4/3.jpg]
[regaltheme.com/tf/multi/minipo/minipo/assets/img/portfolio/3/style4/4.jpg]
[regaltheme.com/tf/multi/minipo/minipo/assets/img/portfolio/3/style4/5.jpg]
[regaltheme.com/tf/multi/minipo/minipo/assets/img/portfolio/3/style4/6.jpg]
[regaltheme.com/tf/multi/minipo/minipo/assets/img/portfolio/3/style4/7.jpg]
[regaltheme.com/tf/multi/minipo/minipo/assets/img/portfolio/3/style4/8.jpg]
[regaltheme.com/tf/multi/minipo/minipo/assets/img/portfolio/3/style4/9.jpg]
[regaltheme.com/tf/multi/minipo/minipo/portfolio-3-style-4.html]
[regaltheme.com/tf/multi/minipo/minipo/assets/img/portfolio/3/style5/1.jpg]
[regaltheme.com/tf/multi/minipo/minipo/assets/img/portfolio/3/style5/2.jpg]
[regaltheme.com/tf/multi/minipo/minipo/assets/img/portfolio/3/style5/3.jpg]
[regaltheme.com/tf/multi/minipo/minipo/assets/img/portfolio/3/style5/4.jpg]
[regaltheme.com/tf/multi/minipo/minipo/assets/img/portfolio/3/style5/5.jpg]
[regaltheme.com/tf/multi/minipo/minipo/assets/img/portfolio/3/style5/6.jpg]
[regaltheme.com/tf/multi/minipo/minipo/portfolio-3-style-5.html]
[regaltheme.com/tf/multi/minipo/minipo/assets/img/portfolio/3/style6/1.jpg]
[regaltheme.com/tf/multi/minipo/minipo/assets/img/portfolio/3/style6/2.jpg]
[regaltheme.com/tf/multi/minipo/minipo/assets/img/portfolio/3/style6/3.jpg]
[regaltheme.com/tf/multi/minipo/minipo/assets/img/portfolio/3/style6/4.jpg]
[regaltheme.com/tf/multi/minipo/minipo/assets/img/portfolio/3/style6/5.jpg]
[regaltheme.com/tf/multi/minipo/minipo/portfolio-3-style-6.html]
[regaltheme.com/tf/multi/minipo/minipo/assets/img/portfolio/3/style6/6.jpg]
[regaltheme.com/tf/multi/minipo/minipo/assets/img/portfolio/4/style1/1.jpg]
[regaltheme.com/tf/multi/minipo/minipo/assets/img/portfolio/4/style1/2.jpg]
[regaltheme.com/tf/multi/minipo/minipo/assets/img/portfolio/4/style1/3.jpg]
[regaltheme.com/tf/multi/minipo/minipo/assets/img/portfolio/4/style1/4.jpg]
[regaltheme.com/tf/multi/minipo/minipo/assets/img/portfolio/4/style1/5.jpg]
[regaltheme.com/tf/multi/minipo/minipo/assets/img/portfolio/4/style1/6.jpg]
[regaltheme.com/tf/multi/minipo/minipo/assets/img/portfolio/4/style1/7.jpg]
[regaltheme.com/tf/multi/minipo/minipo/assets/img/portfolio/4/style1/8.jpg]
[regaltheme.com/tf/multi/minipo/minipo/assets/img/portfolio/4/style1/9.jpg]
[regaltheme.com/tf/multi/minipo/minipo/assets/img/portfolio/4/style1/10.jpg]
[regaltheme.com/tf/multi/minipo/minipo/assets/img/portfolio/4/style1/11.jpg]
[regaltheme.com/tf/multi/minipo/minipo/assets/img/portfolio/4/style1/12.jpg]
[regaltheme.com/tf/multi/minipo/minipo/portfolio-4-style-1.html]
[regaltheme.com/tf/multi/minipo/minipo/assets/img/portfolio/4/style2/1.jpg]
[regaltheme.com/tf/multi/minipo/minipo/assets/img/portfolio/4/style2/2.jpg]
[regaltheme.com/tf/multi/minipo/minipo/assets/img/portfolio/4/style2/3.jpg]
[regaltheme.com/tf/multi/minipo/minipo/assets/img/portfolio/4/style2/4.jpg]
[regaltheme.com/tf/multi/minipo/minipo/assets/img/portfolio/4/style2/5.jpg]
[regaltheme.com/tf/multi/minipo/minipo/assets/img/portfolio/4/style2/6.jpg]
[regaltheme.com/tf/multi/minipo/minipo/assets/img/portfolio/4/style2/7.jpg]
[regaltheme.com/tf/multi/minipo/minipo/assets/img/portfolio/4/style2/8.jpg]
[regaltheme.com/tf/multi/minipo/minipo/assets/img/portfolio/4/style2/9.jpg]
[regaltheme.com/tf/multi/minipo/minipo/assets/img/portfolio/4/style2/10.jpg]
[regaltheme.com/tf/multi/minipo/minipo/assets/img/portfolio/4/style2/11.jpg]
[regaltheme.com/tf/multi/minipo/minipo/assets/img/portfolio/4/style2/12.jpg]
[regaltheme.com/tf/multi/minipo/minipo/portfolio-4-style-2.html]
[regaltheme.com/tf/multi/minipo/minipo/assets/img/portfolio/4/style3/1.jpg]
[regaltheme.com/tf/multi/minipo/minipo/assets/img/portfolio/4/style3/2.jpg]
[regaltheme.com/tf/multi/minipo/minipo/assets/img/portfolio/4/style3/3.jpg]
[regaltheme.com/tf/multi/minipo/minipo/assets/img/portfolio/4/style3/4.jpg]
[regaltheme.com/tf/multi/minipo/minipo/assets/img/portfolio/4/style3/5.jpg]
[regaltheme.com/tf/multi/minipo/minipo/assets/img/portfolio/4/style3/7.jpg]
[regaltheme.com/tf/multi/minipo/minipo/assets/img/portfolio/4/style3/6.jpg]
[regaltheme.com/tf/multi/minipo/minipo/assets/img/portfolio/4/style3/8.jpg]
[regaltheme.com/tf/multi/minipo/minipo/portfolio-4-style-3.html]
[regaltheme.com/tf/multi/minipo/minipo/assets/img/portfolio/4/style4/1.jpg]
[regaltheme.com/tf/multi/minipo/minipo/assets/img/portfolio/4/style4/2.jpg]
[regaltheme.com/tf/multi/minipo/minipo/assets/img/portfolio/4/style4/3.jpg]
[regaltheme.com/tf/multi/minipo/minipo/assets/img/portfolio/4/style4/4.jpg]
[regaltheme.com/tf/multi/minipo/minipo/assets/img/portfolio/4/style4/5.jpg]
[regaltheme.com/tf/multi/minipo/minipo/assets/img/portfolio/4/style4/6.jpg]
[regaltheme.com/tf/multi/minipo/minipo/assets/img/portfolio/4/style4/7.jpg]
[regaltheme.com/tf/multi/minipo/minipo/assets/img/portfolio/4/style4/8.jpg]
[regaltheme.com/tf/multi/minipo/minipo/assets/img/portfolio/4/style4/9.jpg]
[regaltheme.com/tf/multi/minipo/minipo/assets/img/portfolio/4/style4/10.jpg]
[regaltheme.com/tf/multi/minipo/minipo/assets/img/portfolio/4/style4/11.jpg]
[regaltheme.com/tf/multi/minipo/minipo/portfolio-4-style-4.html]
[regaltheme.com/tf/multi/minipo/minipo/assets/img/portfolio/4/style4/12.jpg]
[regaltheme.com/tf/multi/minipo/minipo/assets/img/portfolio/4/style5/1.jpg]
[regaltheme.com/tf/multi/minipo/minipo/assets/img/portfolio/4/style5/2.jpg]
[regaltheme.com/tf/multi/minipo/minipo/assets/img/portfolio/4/style5/3.jpg]
[regaltheme.com/tf/multi/minipo/minipo/assets/img/portfolio/4/style5/4.jpg]
[regaltheme.com/tf/multi/minipo/minipo/assets/img/portfolio/4/style5/5.jpg]
[regaltheme.com/tf/multi/minipo/minipo/assets/img/portfolio/4/style5/7.jpg]
[regaltheme.com/tf/multi/minipo/minipo/assets/img/portfolio/4/style5/6.jpg]
[regaltheme.com/tf/multi/minipo/minipo/portfolio-4-style-5.html]
[regaltheme.com/tf/multi/minipo/minipo/assets/img/portfolio/4/style5/8.jpg]
[regaltheme.com/tf/multi/minipo/minipo/assets/img/portfolio/details/m1.jpg]
[regaltheme.com/tf/multi/minipo/minipo/assets/img/portfolio/details/m2.jpg]
[regaltheme.com/tf/multi/minipo/minipo/portfolio-details.html]
[regaltheme.com/tf/multi/minipo/minipo/assets/img/portfolio/details/m3.jpg]
[regaltheme.com/tf/multi/minipo/minipo/assets/img/portfolio/details/m4.jpg]
[regaltheme.com/tf/multi/minipo/minipo/portfolio-details-2.html]
[regaltheme.com/tf/multi/minipo/minipo/assets/img/portfolio/details/m5.jpg]
[regaltheme.com/tf/multi/minipo/minipo/assets/img/portfolio/details/l1.jpg]
[regaltheme.com/tf/multi/minipo/minipo/portfolio-details-3.html]
[regaltheme.com/tf/multi/minipo/minipo/assets/img/portfolio/details/l2.jpg]
[regaltheme.com/tf/multi/minipo/minipo/portfolio-details-4.html]
[regaltheme.com/tf/multi/minipo/minipo/portfolio-details-5.html]
[regaltheme.com/tf/multi/minipo/minipo/portfolio-details-6.html]
[regaltheme.com/tf/multi/minipo/minipo/portfolio-details-7.html]
[regaltheme.com/tf/multi/minipo/minipo/assets/img/blog/7.jpg]
[regaltheme.com/tf/multi/minipo/minipo/assets/img/blog/8.jpg]
[regaltheme.com/tf/multi/minipo/minipo/blog-one.html]
[regaltheme.com/tf/multi/minipo/minipo/assets/img/blog/9.jpg]
[regaltheme.com/tf/multi/minipo/minipo/blog-two.html]
[regaltheme.com/tf/multi/minipo/minipo/assets/img/blog/m1.jpg]
[regaltheme.com/tf/multi/minipo/minipo/assets/img/blog/m2.jpg]
[regaltheme.com/tf/multi/minipo/minipo/blog-three.html]
[regaltheme.com/tf/multi/minipo/minipo/blog-four.html]
[regaltheme.com/tf/multi/minipo/minipo/assets/img/blog/m3.jpg]
[regaltheme.com/tf/multi/minipo/minipo/assets/img/blog/s1.jpg]
[regaltheme.com/tf/multi/minipo/minipo/assets/img/blog/s2.jpg]
[regaltheme.com/tf/multi/minipo/minipo/assets/img/blog/s3.jpg]
[regaltheme.com/tf/multi/minipo/minipo/assets/img/blog/s4.jpg]
[regaltheme.com/tf/multi/minipo/minipo/assets/img/blog/s5.jpg]
[regaltheme.com/tf/multi/minipo/minipo/blog-five.html]
[regaltheme.com/tf/multi/minipo/minipo/assets/img/blog/s6.jpg]
[regaltheme.com/tf/multi/minipo/minipo/blog-six.html]
[regaltheme.com/tf/multi/minipo/minipo/blog-seven.html]
[regaltheme.com/tf/multi/minipo/minipo/blog-details.html]
[regaltheme.com/tf/multi/minipo/minipo/assets/img/blog/details/m1.jpg]
[regaltheme.com/tf/multi/minipo/minipo/assets/img/blog/details/m2.jpg]
[regaltheme.com/tf/multi/minipo/minipo/assets/img/blog/details/c1.png]
[regaltheme.com/tf/multi/minipo/minipo/assets/img/blog/details/c2.png]
[regaltheme.com/tf/multi/minipo/minipo/blog-details-2.html]
[regaltheme.com/tf/multi/minipo/minipo/assets/img/blog/details/c3.png]
[regaltheme.com/tf/multi/minipo/minipo/assets/img/blog/details/l1.jpg]
[regaltheme.com/tf/multi/minipo/minipo/assets/img/blog/details/s1.jpg]
[regaltheme.com/tf/multi/minipo/minipo/assets/img/blog/details/s2.jpg]
[regaltheme.com/tf/multi/minipo/minipo/assets/img/blog/details/s3.jpg]
[regaltheme.com/tf/multi/minipo/minipo/assets/img/blog/details/cs1.png]
[regaltheme.com/tf/multi/minipo/minipo/blog-details-3.html]
[regaltheme.com/tf/multi/minipo/minipo/assets/img/blog/details/cs2.png]
[regaltheme.com/tf/multi/minipo/minipo/blog-details-4.html]
[regaltheme.com/tf/multi/minipo/minipo/blog-details-5.html]
[regaltheme.com/tf/multi/minipo/minipo/services.html]
[regaltheme.com/tf/multi/minipo/minipo/services-2.html]
[regaltheme.com/tf/multi/minipo/minipo/team.html]
[regaltheme.com/tf/multi/minipo/minipo/coming-soon-contact.html]
[regaltheme.com/tf/multi/minipo/minipo/coming-soon.html]
[regaltheme.com/tf/multi/minipo/minipo/assets/img/icons/error.png]
[regaltheme.com/tf/multi/minipo/minipo/error-404.html]
[regaltheme.com/tf/multi/minipo/minipo/assets/js/map-active.js]
[regaltheme.com/tf/multi/minipo/minipo/contact-us.html]
[regaltheme.com/tf/multi/minipo/minipo/coming-soon-contact.html]
[regaltheme.com/tf/multi/minipo/minipo/assets/css/bootstrap.min.css]
[regaltheme.com/tf/multi/minipo/minipo/assets/css/material-design-iconic-font.min.css]
[regaltheme.com/tf/multi/minipo/minipo/assets/css/venobox.css]
[regaltheme.com/tf/multi/minipo/minipo/assets/css/slick.min.css]
[regaltheme.com/tf/multi/minipo/minipo/assets/css/style.css]
[regaltheme.com/tf/multi/minipo/minipo/assets/css/responsive.css]
[regaltheme.com/tf/multi/minipo/minipo/style.css]
[regaltheme.com/tf/multi/minipo/minipo/assets/js/slick.min.js]
[regaltheme.com/tf/multi/minipo/minipo/assets/js/jquery.validate.min.js]
[regaltheme.com/tf/multi/minipo/minipo/coming-soon-contact.html]
[regaltheme.com/tf/multi/minipo/minipo/assets/img/portfolio/2/style6/3.jpg]
[regaltheme.com/tf/multi/minipo/minipo/assets/fonts/glyphicons-halflings-regular.html]
[regaltheme.com/tf/multi/minipo/minipo/assets/fonts/glyphicons-halflings-regulard41d.html]
[regaltheme.com/tf/multi/minipo/minipo/assets/js/plugins.js]
[regaltheme.com/tf/multi/minipo/minipo/assets/fonts/glyphicons-halflings-regular-2.html]
[regaltheme.com/tf/multi/minipo/minipo/assets/fonts/glyphicons-halflings-regular-3.html]
[regaltheme.com/tf/multi/minipo/minipo/assets/fonts/glyphicons-halflings-regular-4.html]
[regaltheme.com/tf/multi/minipo/minipo/assets/css/bootstrap.min.css]
[regaltheme.com/tf/multi/minipo/minipo/assets/fonts/glyphicons-halflings-regular-5.html]
[regaltheme.com/tf/multi/minipo/minipo/assets/fonts/Material-Design-Iconic-Fontd1f1.woff2]
[regaltheme.com/tf/multi/minipo/minipo/assets/fonts/Material-Design-Iconic-Fontd1f1.woff]
[regaltheme.com/tf/multi/minipo/minipo/assets/css/material-design-iconic-font.min.css]
[regaltheme.com/tf/multi/minipo/minipo/assets/fonts/Material-Design-Iconic-Fontd1f1.ttf]
[regaltheme.com/tf/multi/minipo/minipo/assets/img/icons/venobox/preload-circle.png]
[regaltheme.com/tf/multi/minipo/minipo/assets/img/icons/venobox/close.gif]
[regaltheme.com/tf/multi/minipo/minipo/assets/img/icons/venobox/prev.gif]
[regaltheme.com/tf/multi/minipo/minipo/assets/img/icons/venobox/next.gif]
[regaltheme.com/tf/multi/minipo/minipo/assets/css/venobox.css]
[regaltheme.com/tf/multi/minipo/minipo/assets/css/slick.min.css]
[regaltheme.com/tf/multi/minipo/minipo/assets/img/slider/1.jpg]
[regaltheme.com/tf/multi/minipo/minipo/assets/img/slider/2.jpg]
[regaltheme.com/tf/multi/minipo/minipo/assets/img/slider/3.jpg]
[regaltheme.com/tf/multi/minipo/minipo/assets/img/slider/4.jpg]
[regaltheme.com/tf/multi/minipo/minipo/assets/img/slider/5.jpg]
[regaltheme.com/tf/multi/minipo/minipo/assets/img/slider/6.jpg]
[regaltheme.com/tf/multi/minipo/minipo/assets/img/icons/close-x.png]
[regaltheme.com/tf/multi/minipo/minipo/assets/img/slider/video-bg.jpg]
[regaltheme.com/tf/multi/minipo/minipo/assets/css/style.css]
[regaltheme.com/tf/multi/minipo/minipo/assets/css/responsive.css]
[regaltheme.com/tf/multi/minipo/minipo/assets/fonts/glyphicons-halflings-regular.html]
[regaltheme.com/tf/multi/minipo/minipo/assets/fonts/glyphicons-halflings-regulard41d.html]
[regaltheme.com/tf/multi/minipo/minipo/assets/fonts/glyphicons-halflings-regular-2.html]
[regaltheme.com/tf/multi/minipo/minipo/assets/fonts/glyphicons-halflings-regular-3.html]
[regaltheme.com/tf/multi/minipo/minipo/assets/fonts/glyphicons-halflings-regular-4.html]
[regaltheme.com/tf/multi/minipo/minipo/assets/fonts/glyphicons-halflings-regular-5.html]
[regaltheme.com/tf/multi/minipo/minipo/assets/img/bg/1.html]
[regaltheme.com/tf/multi/minipo/minipo/assets/img/bg/2.html]
[regaltheme.com/tf/multi/minipo/minipo/assets/fonts/style.html]
